systemFont(0):ZZExtendFont,Arial(Swiss)
applFont(1):Arial(Swiss)
times(20):Times New Roman(Roman)
helvetica(21):Arial(Modern)
courier(22):Courier New(Modern)
symbol(23):Symbol(Decorative)
New York(2):Times New Roman(Roman)
geneva(3):Arial(Swiss)
monaco(4):Courier New(Modern)
venice(5):Times New Roman(Roman)
london(6):Times New Roman(Roman)
athens(7):Times New Roman(Roman)
sanFran(8):Times New Roman(Roman)
toronto(9):Times New Roman(Roman)
cairo(11):Wingdings(Decorative)
losAngeles(12):Times New Roman(Roman)
taliesin(24):Wingdings(Decorative)
Arial(2001):Arial(Swiss)
Times New Roman(2010):Times New Roman(Roman), MS Serif(Roman)
Courier New(2005):Courier New(Modern)
Courier(22):Courier(Modern)
Garamond(2036):Garamond(Modern)
Helvetica(21):Helvetica,MS Sans Serif(Swiss)
MS Serif(128):MS Serif(Roman)
Tms Rmn(129):Tms Rmn(Roman)
MS Sans Serif(131):MS Sans Serif(Swiss)
Helv(132):Helv,MS Sans Serif(Swiss)
Modern(135):Modern(Modern)
Roman(136):Roman(Script)
Script(137):Script(Script)
Terminal(138):Terminal(Modern)
